<ol>
<li><a href="Title%201">Title 1</a></li>
<li><a href="Title%202">Title 2</a></li>
</ol>